%!Adobe-FontList 1.14
%Locale:0x4009

%BeginFont
Handler:DirectoryHandler
FontType:Invalid
OutlineFileName:E:\workshop\anim\Font\bamini-demo.html
FileModTime:1384231549
%EndFont

%BeginFont
Handler:DirectoryHandler
FontType:Invalid
OutlineFileName:E:\workshop\anim\Font\bamini-webfont.eot
FileModTime:1384231253
%EndFont

%BeginFont
Handler:DirectoryHandler
FontType:Invalid
OutlineFileName:E:\workshop\anim\Font\bamini-webfont.svg
FileModTime:1384231253
%EndFont

%BeginFont
Handler:DirectoryHandler
FontType:TrueType
FontName:BaminiPlain
FamilyName:Bamini
StyleName:Plain
FullName:Bamini Plain
MenuName:Bamini
StyleBits:0
WritingScript:Roman
OutlineFileName:E:\workshop\anim\Font\bamini-webfont.ttf
DataFormat:sfntData
FileLength:32984
FileModTime:1384231253
WeightClass:5
WidthClass:5
AngleClass:0
%EndFont

%BeginFont
Handler:DirectoryHandler
FontType:Invalid
OutlineFileName:E:\workshop\anim\Font\bamini-webfont.woff
FileModTime:1384231253
%EndFont

%BeginFont
Handler:DirectoryHandler
FontType:Invalid
OutlineFileName:E:\workshop\anim\Font\generator_config.txt
FileModTime:1384231253
%EndFont

%BeginFont
Handler:DirectoryHandler
FontType:Invalid
OutlineFileName:E:\workshop\anim\Font\stylesheet.css
FileModTime:1384231253
%EndFont

%BeginFont
Handler:DirectoryHandler
FontType:Invalid
OutlineFileName:E:\workshop\anim\Font\specimen_files\easytabs.js
FileModTime:1384231253
%EndFont

%BeginFont
Handler:DirectoryHandler
FontType:Invalid
OutlineFileName:E:\workshop\anim\Font\specimen_files\grid_12-825-55-15.css
FileModTime:1384231253
%EndFont

%BeginFont
Handler:DirectoryHandler
FontType:Invalid
OutlineFileName:E:\workshop\anim\Font\specimen_files\specimen_stylesheet.css
FileModTime:1384231253
%EndFont

